./gradlew : 
At line:1 char:1
+ ./gradlew build > build_error.log 2>&1
+ ~~~~~~~~~~~~~~~~~~~~~~~~~~~~~~~~~~~~~~
    + CategoryInfo          : NotSpecifi 
   ed: (:String) [], RemoteException
    + FullyQualifiedErrorId : NativeComm 
   andError
 
FAILURE: Build failed with an exception.

* Where:
Build file 'C:\Users\PC\AndroidStudioProj
ects\projet_couvoiturage\build.gradle'

* What went wrong:
Could not compile build file 'C:\Users\PC
\AndroidStudioProjects\projet_couvoiturag
e\build.gradle'.
> startup failed:
  General error during conversion: 
Unsupported class file major version 67
  
  java.lang.IllegalArgumentException: 
Unsupported class file major version 67
  	at groovyjarjarasm.asm.ClassReader.<in
it>(ClassReader.java:189)
  	at groovyjarjarasm.asm.ClassReader.<in
it>(ClassReader.java:170)
  	at groovyjarjarasm.asm.ClassReader.<in
it>(ClassReader.java:156)
  	at groovyjarjarasm.asm.ClassReader.<in
it>(ClassReader.java:277)
  	at org.codehaus.groovy.ast.decompiled.
AsmDecompiler.parseClass(AsmDecompiler.ja
va:81)
  	at org.codehaus.groovy.control.ClassNo
deResolver.findDecompiled(ClassNodeResolv
er.java:251)
  	at org.codehaus.groovy.control.ClassNo
deResolver.tryAsLoaderClassOrScript(Class
NodeResolver.java:189)
  	at org.codehaus.groovy.control.ClassNo
deResolver.findClassNode(ClassNodeResolve
r.java:169)
  	at org.codehaus.groovy.control.ClassNo
deResolver.resolveName(ClassNodeResolver.
java:125)
  	at org.codehaus.groovy.ast.decompiled.
AsmReferenceResolver.resolveClassNullable
(AsmReferenceResolver.java:57)
  	at org.codehaus.groovy.ast.decompiled.
AsmReferenceResolver.resolveClass(AsmRefe
renceResolver.java:44)
  	at org.codehaus.groovy.ast.decompiled.
AsmReferenceResolver.resolveNonArrayType(
AsmReferenceResolver.java:79)
  	at org.codehaus.groovy.ast.decompiled.
AsmReferenceResolver.resolveType(AsmRefer
enceResolver.java:70)
  	at org.codehaus.groovy.ast.decompiled.
MemberSignatureParser.createMethodNode(Me
mberSignatureParser.java:57)
  	at org.codehaus.groovy.ast.decompiled.
DecompiledClassNode.lambda$createMethodNo
de$1(DecompiledClassNode.java:230)
  	at org.codehaus.groovy.ast.decompiled.
DecompiledClassNode.createMethodNode(Deco
mpiledClassNode.java:236)
  	at org.codehaus.groovy.ast.decompiled.
DecompiledClassNode.lazyInitMembers(Decom
piledClassNode.java:203)
  	at org.codehaus.groovy.ast.decompiled.
DecompiledClassNode.getDeclaredMethods(De
compiledClassNode.java:122)
  	at org.codehaus.groovy.ast.ClassNode.t
ryFindPossibleMethod(ClassNode.java:1283)
  	at org.codehaus.groovy.control.StaticI
mportVisitor.transformMethodCallExpressio
n(StaticImportVisitor.java:251)
  	at org.codehaus.groovy.control.StaticI
mportVisitor.transform(StaticImportVisito
r.java:133)
  	at org.codehaus.groovy.ast.ClassCodeEx
pressionTransformer.visitExpressionStatem
ent(ClassCodeExpressionTransformer.java:1
08)
  	at org.codehaus.groovy.ast.stmt.Expres
sionStatement.visit(ExpressionStatement.j
ava:40)
  	at org.codehaus.groovy.ast.ClassCodeVi
sitorSupport.visitClassCodeContainer(Clas
sCodeVisitorSupport.java:138)
  	at org.codehaus.groovy.ast.ClassCodeVi
sitorSupport.visitConstructorOrMethod(Cla
ssCodeVisitorSupport.java:111)
  	at org.codehaus.groovy.ast.ClassCodeEx
pressionTransformer.visitConstructorOrMet
hod(ClassCodeExpressionTransformer.java:6
6)
  	at org.codehaus.groovy.control.StaticI
mportVisitor.visitConstructorOrMethod(Sta
ticImportVisitor.java:108)
  	at org.codehaus.groovy.ast.ClassCodeVi
sitorSupport.visitConstructor(ClassCodeVi
sitorSupport.java:101)
  	at org.codehaus.groovy.ast.ClassNode.v
isitContents(ClassNode.java:1089)
  	at org.codehaus.groovy.ast.ClassCodeVi
sitorSupport.visitClass(ClassCodeVisitorS
upport.java:52)
  	at org.codehaus.groovy.control.Compila
tionUnit.lambda$addPhaseOperations$3(Comp
ilationUnit.java:209)
  	at org.codehaus.groovy.control.Compila
tionUnit$IPrimaryClassNodeOperation.doPha
seOperation(CompilationUnit.java:942)
  	at org.codehaus.groovy.control.Compila
tionUnit.processPhaseOperations(Compilati
onUnit.java:671)
  	at org.codehaus.groovy.control.Compila
tionUnit.compile(CompilationUnit.java:635
)
  	at groovy.lang.GroovyClassLoader.doPar
seClass(GroovyClassLoader.java:389)
  	at groovy.lang.GroovyClassLoader.lambd
a$parseClass$3(GroovyClassLoader.java:332
)
  	at org.codehaus.groovy.runtime.memoize
.StampedCommonCache.compute(StampedCommon
Cache.java:163)
  	at org.codehaus.groovy.runtime.memoize
.StampedCommonCache.getAndPut(StampedComm
onCache.java:154)
  	at groovy.lang.GroovyClassLoader.parse
Class(GroovyClassLoader.java:330)
  	at org.gradle.groovy.scripts.internal.
DefaultScriptCompilationHandler.compileSc
ript(DefaultScriptCompilationHandler.java
:139)
  	at org.gradle.groovy.scripts.internal.
DefaultScriptCompilationHandler.compileTo
Dir(DefaultScriptCompilationHandler.java:
95)
  	at org.gradle.groovy.scripts.internal.
BuildOperationBackedScriptCompilationHand
ler$2.run(BuildOperationBackedScriptCompi
lationHandler.java:54)
  	at org.gradle.internal.operations.Defa
ultBuildOperationRunner$1.execute(Default
BuildOperationRunner.java:29)
  	at org.gradle.internal.operations.Defa
ultBuildOperationRunner$1.execute(Default
BuildOperationRunner.java:26)
  	at org.gradle.internal.operations.Defa
ultBuildOperationRunner$3.execute(Default
BuildOperationRunner.java:75)
  	at org.gradle.internal.operations.Defa
ultBuildOperationRunner$3.execute(Default
BuildOperationRunner.java:68)
  	at org.gradle.internal.operations.Defa
ultBuildOperationRunner.execute(DefaultBu
ildOperationRunner.java:153)
  	at org.gradle.internal.operations.Defa
ultBuildOperationRunner.execute(DefaultBu
ildOperationRunner.java:68)
  	at org.gradle.internal.operations.Defa
ultBuildOperationRunner.run(DefaultBuildO
perationRunner.java:56)
  	at org.gradle.internal.operations.Defa
ultBuildOperationExecutor.lambda$run$1(De
faultBuildOperationExecutor.java:71)
  	at org.gradle.internal.operations.Unma
nagedBuildOperationWrapper.runWithUnmanag
edSupport(UnmanagedBuildOperationWrapper.
java:45)
  	at org.gradle.internal.operations.Defa
ultBuildOperationExecutor.run(DefaultBuil
dOperationExecutor.java:71)
  	at org.gradle.groovy.scripts.internal.
BuildOperationBackedScriptCompilationHand
ler.compileToDir(BuildOperationBackedScri
ptCompilationHandler.java:51)
  	at org.gradle.groovy.scripts.internal.
FileCacheBackedScriptClassCompiler$Compil
eToCrossBuildCacheAction.execute(FileCach
eBackedScriptClassCompiler.java:190)
  	at org.gradle.groovy.scripts.internal.
FileCacheBackedScriptClassCompiler$Compil
eToCrossBuildCacheAction.execute(FileCach
eBackedScriptClassCompiler.java:170)
  	at org.gradle.groovy.scripts.internal.
FileCacheBackedScriptClassCompiler$Progre
ssReportingInitializer.execute(FileCacheB
ackedScriptClassCompiler.java:211)
  	at org.gradle.groovy.scripts.internal.
FileCacheBackedScriptClassCompiler$Progre
ssReportingInitializer.execute(FileCacheB
ackedScriptClassCompiler.java:194)
  	at org.gradle.cache.internal.DefaultPe
rsistentDirectoryCache$Initializer.initia
lize(DefaultPersistentDirectoryCache.java
:100)
  	at org.gradle.cache.internal.FixedShar
edModeCrossProcessCacheAccess$1.run(Fixed
SharedModeCrossProcessCacheAccess.java:86
)
  	at org.gradle.cache.internal.DefaultFi
leLockManager$DefaultFileLock.doWriteActi
on(DefaultFileLockManager.java:216)
  	at org.gradle.cache.internal.DefaultFi
leLockManager$DefaultFileLock.writeFile(D
efaultFileLockManager.java:206)
  	at org.gradle.cache.internal.FixedShar
edModeCrossProcessCacheAccess.open(FixedS
haredModeCrossProcessCacheAccess.java:83)
  	at org.gradle.cache.internal.DefaultCa
cheAccess.open(DefaultCacheAccess.java:13
9)
  	at org.gradle.cache.internal.DefaultPe
rsistentDirectoryStore.open(DefaultPersis
tentDirectoryStore.java:89)
  	at org.gradle.cache.internal.DefaultPe
rsistentDirectoryStore.open(DefaultPersis
tentDirectoryStore.java:43)
  	at org.gradle.cache.internal.DefaultCa
cheFactory.doOpen(DefaultCacheFactory.jav
a:103)
  	at org.gradle.cache.internal.DefaultCa
cheFactory.open(DefaultCacheFactory.java:
68)
  	at org.gradle.cache.internal.DefaultCa
cheRepository$PersistentCacheBuilder.open
(DefaultCacheRepository.java:126)
  	at org.gradle.groovy.scripts.internal.
FileCacheBackedScriptClassCompiler.compil
e(FileCacheBackedScriptClassCompiler.java
:116)
  	at org.gradle.groovy.scripts.internal.
CrossBuildInMemoryCachingScriptClassCache
.getOrCompile(CrossBuildInMemoryCachingSc
riptClassCache.java:50)
  	at org.gradle.groovy.scripts.internal.
BuildScopeInMemoryCachingScriptClassCompi
ler.compile(BuildScopeInMemoryCachingScri
ptClassCompiler.java:50)
  	at org.gradle.groovy.scripts.DefaultSc
riptCompilerFactory$ScriptCompilerImpl.co
mpile(DefaultScriptCompilerFactory.java:4
9)
  	at org.gradle.configuration.DefaultScr
iptPluginFactory$ScriptPluginImpl.apply(D
efaultScriptPluginFactory.java:125)
  	at org.gradle.configuration.BuildOpera
tionScriptPlugin$1.run(BuildOperationScri
ptPlugin.java:65)
  	at org.gradle.internal.operations.Defa
ultBuildOperationRunner$1.execute(Default
BuildOperationRunner.java:29)
  	at org.gradle.internal.operations.Defa
ultBuildOperationRunner$1.execute(Default
BuildOperationRunner.java:26)
  	at org.gradle.internal.operations.Defa
ultBuildOperationRunner$3.execute(Default
BuildOperationRunner.java:75)
  	at org.gradle.internal.operations.Defa
ultBuildOperationRunner$3.execute(Default
BuildOperationRunner.java:68)
  	at org.gradle.internal.operations.Defa
ultBuildOperationRunner.execute(DefaultBu
ildOperationRunner.java:153)
  	at org.gradle.internal.operations.Defa
ultBuildOperationRunner.execute(DefaultBu
ildOperationRunner.java:68)
  	at org.gradle.internal.operations.Defa
ultBuildOperationRunner.run(DefaultBuildO
perationRunner.java:56)
  	at org.gradle.internal.operations.Defa
ultBuildOperationExecutor.lambda$run$1(De
faultBuildOperationExecutor.java:71)
  	at org.gradle.internal.operations.Unma
nagedBuildOperationWrapper.runWithUnmanag
edSupport(UnmanagedBuildOperationWrapper.
java:45)
  	at org.gradle.internal.operations.Defa
ultBuildOperationExecutor.run(DefaultBuil
dOperationExecutor.java:71)
  	at org.gradle.configuration.BuildOpera
tionScriptPlugin.lambda$apply$0(BuildOper
ationScriptPlugin.java:62)
  	at org.gradle.configuration.internal.D
efaultUserCodeApplicationContext.apply(De
faultUserCodeApplicationContext.java:43)
  	at org.gradle.configuration.BuildOpera
tionScriptPlugin.apply(BuildOperationScri
ptPlugin.java:62)
  	at org.gradle.api.internal.project.Def
aultProjectStateRegistry$ProjectStateImpl
.lambda$applyToMutableState$0(DefaultProj
ectStateRegistry.java:250)
  	at org.gradle.api.internal.project.Def
aultProjectStateRegistry$ProjectStateImpl
.fromMutableState(DefaultProjectStateRegi
stry.java:277)
  	at org.gradle.api.internal.project.Def
aultProjectStateRegistry$ProjectStateImpl
.applyToMutableState(DefaultProjectStateR
egistry.java:249)
  	at org.gradle.configuration.project.Bu
ildScriptProcessor.execute(BuildScriptPro
cessor.java:42)
  	at org.gradle.configuration.project.Bu
ildScriptProcessor.execute(BuildScriptPro
cessor.java:26)
  	at org.gradle.configuration.project.Co
nfigureActionsProjectEvaluator.evaluate(C
onfigureActionsProjectEvaluator.java:35)
  	at org.gradle.configuration.project.Li
fecycleProjectEvaluator$EvaluateProject.l
ambda$run$0(LifecycleProjectEvaluator.jav
a:100)
  	at org.gradle.api.internal.project.Def
aultProjectStateRegistry$ProjectStateImpl
.lambda$applyToMutableState$0(DefaultProj
ectStateRegistry.java:250)
  	at org.gradle.api.internal.project.Def
aultProjectStateRegistry$ProjectStateImpl
.lambda$withProjectLock$3(DefaultProjectS
tateRegistry.java:310)
  	at org.gradle.internal.work.DefaultWor
kerLeaseService.withLocks(DefaultWorkerLe
aseService.java:213)
  	at org.gradle.api.internal.project.Def
aultProjectStateRegistry$ProjectStateImpl
.withProjectLock(DefaultProjectStateRegis
try.java:310)
  	at org.gradle.api.internal.project.Def
aultProjectStateRegistry$ProjectStateImpl
.fromMutableState(DefaultProjectStateRegi
stry.java:291)
  	at org.gradle.api.internal.project.Def
aultProjectStateRegistry$ProjectStateImpl
.applyToMutableState(DefaultProjectStateR
egistry.java:249)
  	at org.gradle.configuration.project.Li
fecycleProjectEvaluator$EvaluateProject.r
un(LifecycleProjectEvaluator.java:91)
  	at org.gradle.internal.operations.Defa
ultBuildOperationRunner$1.execute(Default
BuildOperationRunner.java:29)
  	at org.gradle.internal.operations.Defa
ultBuildOperationRunner$1.execute(Default
BuildOperationRunner.java:26)
  	at org.gradle.internal.operations.Defa
ultBuildOperationRunner$3.execute(Default
BuildOperationRunner.java:75)
  	at org.gradle.internal.operations.Defa
ultBuildOperationRunner$3.execute(Default
BuildOperationRunner.java:68)
  	at org.gradle.internal.operations.Defa
ultBuildOperationRunner.execute(DefaultBu
ildOperationRunner.java:153)
  	at org.gradle.internal.operations.Defa
ultBuildOperationRunner.execute(DefaultBu
ildOperationRunner.java:68)
  	at org.gradle.internal.operations.Defa
ultBuildOperationRunner.run(DefaultBuildO
perationRunner.java:56)
  	at org.gradle.internal.operations.Defa
ultBuildOperationExecutor.lambda$run$1(De
faultBuildOperationExecutor.java:71)
  	at org.gradle.internal.operations.Unma
nagedBuildOperationWrapper.runWithUnmanag
edSupport(UnmanagedBuildOperationWrapper.
java:45)
  	at org.gradle.internal.operations.Defa
ultBuildOperationExecutor.run(DefaultBuil
dOperationExecutor.java:71)
  	at org.gradle.configuration.project.Li
fecycleProjectEvaluator.evaluate(Lifecycl
eProjectEvaluator.java:63)
  	at org.gradle.api.internal.project.Def
aultProject.evaluate(DefaultProject.java:
723)
  	at org.gradle.api.internal.project.Def
aultProject.evaluate(DefaultProject.java:
150)
  	at org.gradle.execution.TaskPathProjec
tEvaluator.configure(TaskPathProjectEvalu
ator.java:41)
  	at org.gradle.execution.TaskPathProjec
tEvaluator.configureHierarchy(TaskPathPro
jectEvaluator.java:67)
  	at org.gradle.configuration.DefaultPro
jectsPreparer.prepareProjects(DefaultProj
ectsPreparer.java:46)
  	at org.gradle.configuration.BuildTreeP
reparingProjectsPreparer.prepareProjects(
BuildTreePreparingProjectsPreparer.java:6
4)
  	at org.gradle.configuration.BuildOpera
tionFiringProjectsPreparer$ConfigureBuild
.run(BuildOperationFiringProjectsPreparer
.java:52)
  	at org.gradle.internal.operations.Defa
ultBuildOperationRunner$1.execute(Default
BuildOperationRunner.java:29)
  	at org.gradle.internal.operations.Defa
ultBuildOperationRunner$1.execute(Default
BuildOperationRunner.java:26)
  	at org.gradle.internal.operations.Defa
ultBuildOperationRunner$3.execute(Default
BuildOperationRunner.java:75)
  	at org.gradle.internal.operations.Defa
ultBuildOperationRunner$3.execute(Default
BuildOperationRunner.java:68)
  	at org.gradle.internal.operations.Defa
ultBuildOperationRunner.execute(DefaultBu
ildOperationRunner.java:153)
  	at org.gradle.internal.operations.Defa
ultBuildOperationRunner.execute(DefaultBu
ildOperationRunner.java:68)
  	at org.gradle.internal.operations.Defa
ultBuildOperationRunner.run(DefaultBuildO
perationRunner.java:56)
  	at org.gradle.internal.operations.Defa
ultBuildOperationExecutor.lambda$run$1(De
faultBuildOperationExecutor.java:71)
  	at org.gradle.internal.operations.Unma
nagedBuildOperationWrapper.runWithUnmanag
edSupport(UnmanagedBuildOperationWrapper.
java:45)
  	at org.gradle.internal.operations.Defa
ultBuildOperationExecutor.run(DefaultBuil
dOperationExecutor.java:71)
  	at org.gradle.configuration.BuildOpera
tionFiringProjectsPreparer.prepareProject
s(BuildOperationFiringProjectsPreparer.ja
va:40)
  	at org.gradle.initialization.DefaultGr
adleLauncher.prepareProjects(DefaultGradl
eLauncher.java:226)
  	at org.gradle.initialization.DefaultGr
adleLauncher.doClassicBuildStages(Default
GradleLauncher.java:164)
  	at org.gradle.initialization.DefaultGr
adleLauncher.doBuildStages(DefaultGradleL
auncher.java:149)
  	at org.gradle.initialization.DefaultGr
adleLauncher.executeTasks(DefaultGradleLa
uncher.java:125)
  	at org.gradle.internal.invocation.Grad
leBuildController$1.create(GradleBuildCon
troller.java:71)
  	at org.gradle.internal.work.DefaultWor
kerLeaseService.withLocks(DefaultWorkerLe
aseService.java:213)
  	at org.gradle.internal.invocation.Grad
leBuildController.doBuild(GradleBuildCont
roller.java:67)
  	at org.gradle.internal.invocation.Grad
leBuildController.run(GradleBuildControll
er.java:56)
  	at org.gradle.tooling.internal.provide
r.ExecuteBuildActionRunner.run(ExecuteBui
ldActionRunner.java:31)
  	at org.gradle.launcher.exec.ChainingBu
ildActionRunner.run(ChainingBuildActionRu
nner.java:35)
  	at org.gradle.launcher.exec.BuildOutco
meReportingBuildActionRunner.run(BuildOut
comeReportingBuildActionRunner.java:66)
  	at org.gradle.tooling.internal.provide
r.ValidatingBuildActionRunner.run(Validat
ingBuildActionRunner.java:32)
  	at org.gradle.tooling.internal.provide
r.FileSystemWatchingBuildActionRunner.run
(FileSystemWatchingBuildActionRunner.java
:90)
  	at org.gradle.launcher.exec.BuildCompl
etionNotifyingBuildActionRunner.run(Build
CompletionNotifyingBuildActionRunner.java
:41)
  	at org.gradle.launcher.exec.RunAsBuild
OperationBuildActionRunner$3.call(RunAsBu
ildOperationBuildActionRunner.java:49)
  	at org.gradle.launcher.exec.RunAsBuild
OperationBuildActionRunner$3.call(RunAsBu
ildOperationBuildActionRunner.java:44)
  	at org.gradle.internal.operations.Defa
ultBuildOperationRunner$CallableBuildOper
ationWorker.execute(DefaultBuildOperation
Runner.java:200)
  	at org.gradle.internal.operations.Defa
ultBuildOperationRunner$CallableBuildOper
ationWorker.execute(DefaultBuildOperation
Runner.java:195)
  	at org.gradle.internal.operations.Defa
ultBuildOperationRunner$3.execute(Default
BuildOperationRunner.java:75)
  	at org.gradle.internal.operations.Defa
ultBuildOperationRunner$3.execute(Default
BuildOperationRunner.java:68)
  	at org.gradle.internal.operations.Defa
ultBuildOperationRunner.execute(DefaultBu
ildOperationRunner.java:153)
  	at org.gradle.internal.operations.Defa
ultBuildOperationRunner.execute(DefaultBu
ildOperationRunner.java:68)
  	at org.gradle.internal.operations.Defa
ultBuildOperationRunner.call(DefaultBuild
OperationRunner.java:62)
  	at org.gradle.internal.operations.Defa
ultBuildOperationExecutor.lambda$call$2(D
efaultBuildOperationExecutor.java:76)
  	at org.gradle.internal.operations.Unma
nagedBuildOperationWrapper.callWithUnmana
gedSupport(UnmanagedBuildOperationWrapper
.java:54)
  	at org.gradle.internal.operations.Defa
ultBuildOperationExecutor.call(DefaultBui
ldOperationExecutor.java:76)
  	at org.gradle.launcher.exec.RunAsBuild
OperationBuildActionRunner.run(RunAsBuild
OperationBuildActionRunner.java:44)
  	at org.gradle.launcher.exec.InProcessB
uildActionExecuter.lambda$execute$0(InPro
cessBuildActionExecuter.java:59)
  	at org.gradle.composite.internal.Defau
ltRootBuildState.run(DefaultRootBuildStat
e.java:86)
  	at org.gradle.launcher.exec.InProcessB
uildActionExecuter.execute(InProcessBuild
ActionExecuter.java:58)
  	at org.gradle.launcher.exec.InProcessB
uildActionExecuter.execute(InProcessBuild
ActionExecuter.java:30)
  	at org.gradle.launcher.exec.BuildTreeS
copeLifecycleBuildActionExecuter.lambda$e
xecute$0(BuildTreeScopeLifecycleBuildActi
onExecuter.java:34)
  	at org.gradle.internal.buildtree.Build
TreeState.run(BuildTreeState.java:53)
  	at org.gradle.launcher.exec.BuildTreeS
copeLifecycleBuildActionExecuter.execute(
BuildTreeScopeLifecycleBuildActionExecute
r.java:33)
  	at org.gradle.launcher.exec.BuildTreeS
copeLifecycleBuildActionExecuter.execute(
BuildTreeScopeLifecycleBuildActionExecute
r.java:28)
  	at org.gradle.tooling.internal.provide
r.ContinuousBuildActionExecuter.execute(C
ontinuousBuildActionExecuter.java:104)
  	at org.gradle.tooling.internal.provide
r.ContinuousBuildActionExecuter.execute(C
ontinuousBuildActionExecuter.java:55)
  	at org.gradle.tooling.internal.provide
r.SubscribableBuildActionExecuter.execute
(SubscribableBuildActionExecuter.java:64)
  	at org.gradle.tooling.internal.provide
r.SubscribableBuildActionExecuter.execute
(SubscribableBuildActionExecuter.java:37)
  	at org.gradle.tooling.internal.provide
r.SessionScopeLifecycleBuildActionExecute
r.lambda$execute$0(SessionScopeLifecycleB
uildActionExecuter.java:54)
  	at org.gradle.internal.session.BuildSe
ssionState.run(BuildSessionState.java:67)
  	at org.gradle.tooling.internal.provide
r.SessionScopeLifecycleBuildActionExecute
r.execute(SessionScopeLifecycleBuildActio
nExecuter.java:50)
  	at org.gradle.tooling.internal.provide
r.SessionScopeLifecycleBuildActionExecute
r.execute(SessionScopeLifecycleBuildActio
nExecuter.java:36)
  	at org.gradle.tooling.internal.provide
r.GradleThreadBuildActionExecuter.execute
(GradleThreadBuildActionExecuter.java:36)
  	at org.gradle.tooling.internal.provide
r.GradleThreadBuildActionExecuter.execute
(GradleThreadBuildActionExecuter.java:25)
  	at org.gradle.tooling.internal.provide
r.StartParamsValidatingActionExecuter.exe
cute(StartParamsValidatingActionExecuter.
java:59)
  	at org.gradle.tooling.internal.provide
r.StartParamsValidatingActionExecuter.exe
cute(StartParamsValidatingActionExecuter.
java:31)
  	at org.gradle.tooling.internal.provide
r.SessionFailureReportingActionExecuter.e
xecute(SessionFailureReportingActionExecu
ter.java:58)
  	at org.gradle.tooling.internal.provide
r.SessionFailureReportingActionExecuter.e
xecute(SessionFailureReportingActionExecu
ter.java:42)
  	at org.gradle.tooling.internal.provide
r.SetupLoggingActionExecuter.execute(Setu
pLoggingActionExecuter.java:47)
  	at org.gradle.tooling.internal.provide
r.SetupLoggingActionExecuter.execute(Setu
pLoggingActionExecuter.java:31)
  	at org.gradle.launcher.daemon.server.e
xec.ExecuteBuild.doBuild(ExecuteBuild.jav
a:65)
  	at org.gradle.launcher.daemon.server.e
xec.BuildCommandOnly.execute(BuildCommand
Only.java:37)
  	at org.gradle.launcher.daemon.server.a
pi.DaemonCommandExecution.proceed(DaemonC
ommandExecution.java:104)
  	at org.gradle.launcher.daemon.server.e
xec.WatchForDisconnection.execute(WatchFo
rDisconnection.java:39)
  	at org.gradle.launcher.daemon.server.a
pi.DaemonCommandExecution.proceed(DaemonC
ommandExecution.java:104)
  	at org.gradle.launcher.daemon.server.e
xec.ResetDeprecationLogger.execute(ResetD
eprecationLogger.java:29)
  	at org.gradle.launcher.daemon.server.a
pi.DaemonCommandExecution.proceed(DaemonC
ommandExecution.java:104)
  	at org.gradle.launcher.daemon.server.e
xec.RequestStopIfSingleUsedDaemon.execute
(RequestStopIfSingleUsedDaemon.java:35)
  	at org.gradle.launcher.daemon.server.a
pi.DaemonCommandExecution.proceed(DaemonC
ommandExecution.java:104)
  	at org.gradle.launcher.daemon.server.e
xec.ForwardClientInput$2.create(ForwardCl
ientInput.java:78)
  	at org.gradle.launcher.daemon.server.e
xec.ForwardClientInput$2.create(ForwardCl
ientInput.java:75)
  	at org.gradle.util.Swapper.swap(Swappe
r.java:38)
  	at org.gradle.launcher.daemon.server.e
xec.ForwardClientInput.execute(ForwardCli
entInput.java:75)
  	at org.gradle.launcher.daemon.server.a
pi.DaemonCommandExecution.proceed(DaemonC
ommandExecution.java:104)
  	at org.gradle.launcher.daemon.server.e
xec.LogAndCheckHealth.execute(LogAndCheck
Health.java:55)
  	at org.gradle.launcher.daemon.server.a
pi.DaemonCommandExecution.proceed(DaemonC
ommandExecution.java:104)
  	at org.gradle.launcher.daemon.server.e
xec.LogToClient.doBuild(LogToClient.java:
63)
  	at org.gradle.launcher.daemon.server.e
xec.BuildCommandOnly.execute(BuildCommand
Only.java:37)
  	at org.gradle.launcher.daemon.server.a
pi.DaemonCommandExecution.proceed(DaemonC
ommandExecution.java:104)
  	at org.gradle.launcher.daemon.server.e
xec.EstablishBuildEnvironment.doBuild(Est
ablishBuildEnvironment.java:84)
  	at org.gradle.launcher.daemon.server.e
xec.BuildCommandOnly.execute(BuildCommand
Only.java:37)
  	at org.gradle.launcher.daemon.server.a
pi.DaemonCommandExecution.proceed(DaemonC
ommandExecution.java:104)
  	at org.gradle.launcher.daemon.server.e
xec.StartBuildOrRespondWithBusy$1.run(Sta
rtBuildOrRespondWithBusy.java:52)
  	at org.gradle.launcher.daemon.server.D
aemonStateCoordinator$1.run(DaemonStateCo
ordinator.java:297)
  	at org.gradle.internal.concurrent.Exec
utorPolicy$CatchAndRecordFailures.onExecu
te(ExecutorPolicy.java:64)
  	at org.gradle.internal.concurrent.Mana
gedExecutorImpl$1.run(ManagedExecutorImpl
.java:48)
  	at java.base/java.util.concurrent.Thre
adPoolExecutor.runWorker(ThreadPoolExecut
or.java:1144)
  	at java.base/java.util.concurrent.Thre
adPoolExecutor$Worker.run(ThreadPoolExecu
tor.java:642)
  	at org.gradle.internal.concurrent.Thre
adFactoryImpl$ManagedThreadRunnable.run(T
hreadFactoryImpl.java:56)
  	at java.base/java.lang.Thread.run(Thre
ad.java:1575)
  
  1 error


* Try:
Run with --stacktrace option to get the 
stack trace. Run with --info or --debug 
option to get more log output. Run with 
--scan to get full insights.

* Get more help at 
https://help.gradle.org

BUILD FAILED in 1s
